TimeQuest Timing Analyzer report for I2CClientTest
Sun Aug 03 10:08:22 2014
Quartus II 32-bit Version 11.1 Build 216 11/23/2011 Service Pack 1 SJ Web Edition


---------------------
; Table of Contents ;
---------------------
  1. Legal Notice
  2. TimeQuest Timing Analyzer Summary
  3. Parallel Compilation
  4. Clocks
  5. Fmax Summary
  6. Setup Summary
  7. Hold Summary
  8. Recovery Summary
  9. Removal Summary
 10. Minimum Pulse Width Summary
 11. Setup: 'SCLSynch[1]'
 12. Setup: 'CLCK'
 13. Hold: 'CLCK'
 14. Hold: 'SCLSynch[1]'
 15. Recovery: 'stop'
 16. Recovery: 'SCLSynch[1]'
 17. Removal: 'SCLSynch[1]'
 18. Removal: 'stop'
 19. Minimum Pulse Width: 'CLCK'
 20. Minimum Pulse Width: 'SDA'
 21. Minimum Pulse Width: 'SCLSynch[1]'
 22. Minimum Pulse Width: 'stop'
 23. Setup Times
 24. Hold Times
 25. Clock to Output Times
 26. Minimum Clock to Output Times
 27. Output Enable Times
 28. Minimum Output Enable Times
 29. Output Disable Times
 30. Minimum Output Disable Times
 31. Setup Transfers
 32. Hold Transfers
 33. Recovery Transfers
 34. Removal Transfers
 35. Report TCCS
 36. Report RSKM
 37. Unconstrained Paths
 38. TimeQuest Timing Analyzer Messages



----------------
; Legal Notice ;
----------------
Copyright (C) 1991-2011 Altera Corporation
Your use of Altera Corporation's design tools, logic functions 
and other software and tools, and its AMPP partner logic 
functions, and any output files from any of the foregoing 
(including device programming or simulation files), and any 
associated documentation or information are expressly subject 
to the terms and conditions of the Altera Program License 
Subscription Agreement, Altera MegaCore Function License 
Agreement, or other applicable license agreement, including, 
without limitation, that your use is for the sole purpose of 
programming logic devices manufactured by Altera and sold by 
Altera or its authorized distributors.  Please refer to the 
applicable agreement for further details.



+--------------------------------------------------------------------------------------+
; TimeQuest Timing Analyzer Summary                                                    ;
+--------------------+-----------------------------------------------------------------+
; Quartus II Version ; Version 11.1 Build 216 11/23/2011 Service Pack 1 SJ Web Edition ;
; Revision Name      ; I2CClientTest                                                   ;
; Device Family      ; MAX II                                                          ;
; Device Name        ; EPM240T100C5                                                    ;
; Timing Models      ; Final                                                           ;
; Delay Model        ; Slow Model                                                      ;
; Rise/Fall Delays   ; Unavailable                                                     ;
+--------------------+-----------------------------------------------------------------+


Parallel compilation was disabled, but you have multiple processors available. Enable parallel compilation to reduce compilation time.
+-------------------------------------+
; Parallel Compilation                ;
+----------------------------+--------+
; Processors                 ; Number ;
+----------------------------+--------+
; Number detected on machine ; 2      ;
; Maximum allowed            ; 1      ;
+----------------------------+--------+


+------------------------------------------------------------------------------------------------------------------------------------------------------------------------------------------+
; Clocks                                                                                                                                                                                   ;
+-------------+------+--------+------------+-------+-------+------------+-----------+-------------+-------+--------+-----------+------------+----------+--------+--------+-----------------+
; Clock Name  ; Type ; Period ; Frequency  ; Rise  ; Fall  ; Duty Cycle ; Divide by ; Multiply by ; Phase ; Offset ; Edge List ; Edge Shift ; Inverted ; Master ; Source ; Targets         ;
+-------------+------+--------+------------+-------+-------+------------+-----------+-------------+-------+--------+-----------+------------+----------+--------+--------+-----------------+
; CLCK        ; Base ; 1.000  ; 1000.0 MHz ; 0.000 ; 0.500 ;            ;           ;             ;       ;        ;           ;            ;          ;        ;        ; { CLCK }        ;
; SCLSynch[1] ; Base ; 1.000  ; 1000.0 MHz ; 0.000 ; 0.500 ;            ;           ;             ;       ;        ;           ;            ;          ;        ;        ; { SCLSynch[1] } ;
; SDA         ; Base ; 1.000  ; 1000.0 MHz ; 0.000 ; 0.500 ;            ;           ;             ;       ;        ;           ;            ;          ;        ;        ; { SDA }         ;
; stop        ; Base ; 1.000  ; 1000.0 MHz ; 0.000 ; 0.500 ;            ;           ;             ;       ;        ;           ;            ;          ;        ;        ; { stop }        ;
+-------------+------+--------+------------+-------+-------+------------+-----------+-------------+-------+--------+-----------+------------+----------+--------+--------+-----------------+


+------------------------------------------------------------------------------------------------------------+
; Fmax Summary                                                                                               ;
+------------+-----------------+-------------+---------------------------------------------------------------+
; Fmax       ; Restricted Fmax ; Clock Name  ; Note                                                          ;
+------------+-----------------+-------------+---------------------------------------------------------------+
; 52.41 MHz  ; 52.41 MHz       ; SCLSynch[1] ;                                                               ;
; 450.45 MHz ; 304.04 MHz      ; CLCK        ; limit due to minimum period restriction (max I/O toggle rate) ;
+------------+-----------------+-------------+---------------------------------------------------------------+
This panel reports FMAX for every clock in the design, regardless of the user-specified clock periods.  FMAX is only computed for paths where the source and destination registers or ports are driven by the same clock.  Paths of different clocks, including generated clocks, are ignored.  For paths between a clock and its inversion, FMAX is computed as if the rising and falling edges are scaled along with FMAX, such that the duty cycle (in terms of a percentage) is maintained. Altera recommends that you always use clock constraints and other slack reports for sign-off analysis.


+---------------------------------------+
; Setup Summary                         ;
+-------------+---------+---------------+
; Clock       ; Slack   ; End Point TNS ;
+-------------+---------+---------------+
; SCLSynch[1] ; -18.081 ; -391.889      ;
; CLCK        ; -1.232  ; -4.356        ;
+-------------+---------+---------------+


+--------------------------------------+
; Hold Summary                         ;
+-------------+--------+---------------+
; Clock       ; Slack  ; End Point TNS ;
+-------------+--------+---------------+
; CLCK        ; -1.440 ; -1.440        ;
; SCLSynch[1] ; 1.078  ; 0.000         ;
+-------------+--------+---------------+


+--------------------------------------+
; Recovery Summary                     ;
+-------------+--------+---------------+
; Clock       ; Slack  ; End Point TNS ;
+-------------+--------+---------------+
; stop        ; -8.451 ; -8.451        ;
; SCLSynch[1] ; -3.390 ; -21.553       ;
+-------------+--------+---------------+


+-------------------------------------+
; Removal Summary                     ;
+-------------+-------+---------------+
; Clock       ; Slack ; End Point TNS ;
+-------------+-------+---------------+
; SCLSynch[1] ; 2.717 ; 0.000         ;
; stop        ; 8.897 ; 0.000         ;
+-------------+-------+---------------+


+--------------------------------------+
; Minimum Pulse Width Summary          ;
+-------------+--------+---------------+
; Clock       ; Slack  ; End Point TNS ;
+-------------+--------+---------------+
; CLCK        ; -2.289 ; -2.289        ;
; SDA         ; -2.289 ; -2.289        ;
; SCLSynch[1] ; 0.234  ; 0.000         ;
; stop        ; 0.234  ; 0.000         ;
+-------------+--------+---------------+


+-------------------------------------------------------------------------------------------------------------+
; Setup: 'SCLSynch[1]'                                                                                        ;
+---------+--------------+--------------+--------------+-------------+--------------+------------+------------+
; Slack   ; From Node    ; To Node      ; Launch Clock ; Latch Clock ; Relationship ; Clock Skew ; Data Delay ;
+---------+--------------+--------------+--------------+-------------+--------------+------------+------------+
; -18.081 ; bitcount[1]  ; addressmatch ; SCLSynch[1]  ; SCLSynch[1] ; 1.000        ; 0.000      ; 18.748     ;
; -17.698 ; bitcount[1]  ; datain[2]    ; SCLSynch[1]  ; SCLSynch[1] ; 1.000        ; 0.000      ; 18.365     ;
; -17.323 ; bitcount[1]  ; datain[6]    ; SCLSynch[1]  ; SCLSynch[1] ; 1.000        ; 0.000      ; 17.990     ;
; -17.145 ; bitcount[1]  ; datain[4]    ; SCLSynch[1]  ; SCLSynch[1] ; 1.000        ; 0.000      ; 17.812     ;
; -17.144 ; bitcount[1]  ; datain[0]    ; SCLSynch[1]  ; SCLSynch[1] ; 1.000        ; 0.000      ; 17.811     ;
; -17.113 ; bitcount[4]  ; addressmatch ; SCLSynch[1]  ; SCLSynch[1] ; 1.000        ; 0.000      ; 17.780     ;
; -17.096 ; bitcount[2]  ; addressmatch ; SCLSynch[1]  ; SCLSynch[1] ; 1.000        ; 0.000      ; 17.763     ;
; -16.730 ; bitcount[4]  ; datain[2]    ; SCLSynch[1]  ; SCLSynch[1] ; 1.000        ; 0.000      ; 17.397     ;
; -16.713 ; bitcount[2]  ; datain[2]    ; SCLSynch[1]  ; SCLSynch[1] ; 1.000        ; 0.000      ; 17.380     ;
; -16.596 ; bitcount[1]  ; datain[3]    ; SCLSynch[1]  ; SCLSynch[1] ; 1.000        ; 0.000      ; 17.263     ;
; -16.360 ; bitcount[1]  ; datain[7]    ; SCLSynch[1]  ; SCLSynch[1] ; 1.000        ; 0.000      ; 17.027     ;
; -16.355 ; bitcount[4]  ; datain[6]    ; SCLSynch[1]  ; SCLSynch[1] ; 1.000        ; 0.000      ; 17.022     ;
; -16.338 ; bitcount[2]  ; datain[6]    ; SCLSynch[1]  ; SCLSynch[1] ; 1.000        ; 0.000      ; 17.005     ;
; -16.328 ; bitcount[0]  ; addressmatch ; SCLSynch[1]  ; SCLSynch[1] ; 1.000        ; 0.000      ; 16.995     ;
; -16.194 ; bitcount[1]  ; datain[5]    ; SCLSynch[1]  ; SCLSynch[1] ; 1.000        ; 0.000      ; 16.861     ;
; -16.182 ; bitcount[3]  ; addressmatch ; SCLSynch[1]  ; SCLSynch[1] ; 1.000        ; 0.000      ; 16.849     ;
; -16.177 ; bitcount[4]  ; datain[4]    ; SCLSynch[1]  ; SCLSynch[1] ; 1.000        ; 0.000      ; 16.844     ;
; -16.176 ; bitcount[4]  ; datain[0]    ; SCLSynch[1]  ; SCLSynch[1] ; 1.000        ; 0.000      ; 16.843     ;
; -16.161 ; bitcount[5]  ; addressmatch ; SCLSynch[1]  ; SCLSynch[1] ; 1.000        ; 0.000      ; 16.828     ;
; -16.160 ; bitcount[2]  ; datain[4]    ; SCLSynch[1]  ; SCLSynch[1] ; 1.000        ; 0.000      ; 16.827     ;
; -16.159 ; bitcount[2]  ; datain[0]    ; SCLSynch[1]  ; SCLSynch[1] ; 1.000        ; 0.000      ; 16.826     ;
; -15.945 ; bitcount[0]  ; datain[2]    ; SCLSynch[1]  ; SCLSynch[1] ; 1.000        ; 0.000      ; 16.612     ;
; -15.855 ; bitcount[6]  ; addressmatch ; SCLSynch[1]  ; SCLSynch[1] ; 1.000        ; 0.000      ; 16.522     ;
; -15.799 ; bitcount[3]  ; datain[2]    ; SCLSynch[1]  ; SCLSynch[1] ; 1.000        ; 0.000      ; 16.466     ;
; -15.628 ; bitcount[4]  ; datain[3]    ; SCLSynch[1]  ; SCLSynch[1] ; 1.000        ; 0.000      ; 16.295     ;
; -15.611 ; bitcount[2]  ; datain[3]    ; SCLSynch[1]  ; SCLSynch[1] ; 1.000        ; 0.000      ; 16.278     ;
; -15.580 ; bitcount[7]  ; addressmatch ; SCLSynch[1]  ; SCLSynch[1] ; 1.000        ; 0.000      ; 16.247     ;
; -15.570 ; bitcount[0]  ; datain[6]    ; SCLSynch[1]  ; SCLSynch[1] ; 1.000        ; 0.000      ; 16.237     ;
; -15.525 ; bitcount[5]  ; datain[2]    ; SCLSynch[1]  ; SCLSynch[1] ; 1.000        ; 0.000      ; 16.192     ;
; -15.488 ; bitcount[1]  ; datain[1]    ; SCLSynch[1]  ; SCLSynch[1] ; 1.000        ; 0.000      ; 16.155     ;
; -15.429 ; bitcount[6]  ; datain[2]    ; SCLSynch[1]  ; SCLSynch[1] ; 1.000        ; 0.000      ; 16.096     ;
; -15.424 ; bitcount[3]  ; datain[6]    ; SCLSynch[1]  ; SCLSynch[1] ; 1.000        ; 0.000      ; 16.091     ;
; -15.392 ; bitcount[0]  ; datain[4]    ; SCLSynch[1]  ; SCLSynch[1] ; 1.000        ; 0.000      ; 16.059     ;
; -15.392 ; bitcount[4]  ; datain[7]    ; SCLSynch[1]  ; SCLSynch[1] ; 1.000        ; 0.000      ; 16.059     ;
; -15.391 ; bitcount[0]  ; datain[0]    ; SCLSynch[1]  ; SCLSynch[1] ; 1.000        ; 0.000      ; 16.058     ;
; -15.375 ; bitcount[2]  ; datain[7]    ; SCLSynch[1]  ; SCLSynch[1] ; 1.000        ; 0.000      ; 16.042     ;
; -15.246 ; bitcount[3]  ; datain[4]    ; SCLSynch[1]  ; SCLSynch[1] ; 1.000        ; 0.000      ; 15.913     ;
; -15.245 ; bitcount[3]  ; datain[0]    ; SCLSynch[1]  ; SCLSynch[1] ; 1.000        ; 0.000      ; 15.912     ;
; -15.226 ; bitcount[4]  ; datain[5]    ; SCLSynch[1]  ; SCLSynch[1] ; 1.000        ; 0.000      ; 15.893     ;
; -15.209 ; bitcount[2]  ; datain[5]    ; SCLSynch[1]  ; SCLSynch[1] ; 1.000        ; 0.000      ; 15.876     ;
; -15.154 ; bitcount[7]  ; datain[2]    ; SCLSynch[1]  ; SCLSynch[1] ; 1.000        ; 0.000      ; 15.821     ;
; -15.150 ; bitcount[5]  ; datain[6]    ; SCLSynch[1]  ; SCLSynch[1] ; 1.000        ; 0.000      ; 15.817     ;
; -15.054 ; bitcount[6]  ; datain[6]    ; SCLSynch[1]  ; SCLSynch[1] ; 1.000        ; 0.000      ; 15.721     ;
; -14.972 ; bitcount[5]  ; datain[4]    ; SCLSynch[1]  ; SCLSynch[1] ; 1.000        ; 0.000      ; 15.639     ;
; -14.971 ; bitcount[5]  ; datain[0]    ; SCLSynch[1]  ; SCLSynch[1] ; 1.000        ; 0.000      ; 15.638     ;
; -14.942 ; bitcount[1]  ; address[4]   ; SCLSynch[1]  ; SCLSynch[1] ; 1.000        ; 0.000      ; 15.609     ;
; -14.942 ; bitcount[1]  ; address[0]   ; SCLSynch[1]  ; SCLSynch[1] ; 1.000        ; 0.000      ; 15.609     ;
; -14.876 ; bitcount[6]  ; datain[4]    ; SCLSynch[1]  ; SCLSynch[1] ; 1.000        ; 0.000      ; 15.543     ;
; -14.875 ; bitcount[6]  ; datain[0]    ; SCLSynch[1]  ; SCLSynch[1] ; 1.000        ; 0.000      ; 15.542     ;
; -14.843 ; bitcount[0]  ; datain[3]    ; SCLSynch[1]  ; SCLSynch[1] ; 1.000        ; 0.000      ; 15.510     ;
; -14.779 ; bitcount[7]  ; datain[6]    ; SCLSynch[1]  ; SCLSynch[1] ; 1.000        ; 0.000      ; 15.446     ;
; -14.697 ; bitcount[3]  ; datain[3]    ; SCLSynch[1]  ; SCLSynch[1] ; 1.000        ; 0.000      ; 15.364     ;
; -14.607 ; bitcount[0]  ; datain[7]    ; SCLSynch[1]  ; SCLSynch[1] ; 1.000        ; 0.000      ; 15.274     ;
; -14.601 ; bitcount[7]  ; datain[4]    ; SCLSynch[1]  ; SCLSynch[1] ; 1.000        ; 0.000      ; 15.268     ;
; -14.600 ; bitcount[7]  ; datain[0]    ; SCLSynch[1]  ; SCLSynch[1] ; 1.000        ; 0.000      ; 15.267     ;
; -14.591 ; bitcount[1]  ; address[5]   ; SCLSynch[1]  ; SCLSynch[1] ; 1.000        ; 0.000      ; 15.258     ;
; -14.520 ; bitcount[4]  ; datain[1]    ; SCLSynch[1]  ; SCLSynch[1] ; 1.000        ; 0.000      ; 15.187     ;
; -14.503 ; bitcount[2]  ; datain[1]    ; SCLSynch[1]  ; SCLSynch[1] ; 1.000        ; 0.000      ; 15.170     ;
; -14.461 ; bitcount[3]  ; datain[7]    ; SCLSynch[1]  ; SCLSynch[1] ; 1.000        ; 0.000      ; 15.128     ;
; -14.454 ; bitcount[0]  ; currvalue[3] ; SCLSynch[1]  ; SCLSynch[1] ; 1.000        ; 0.520      ; 15.641     ;
; -14.441 ; bitcount[0]  ; datain[5]    ; SCLSynch[1]  ; SCLSynch[1] ; 1.000        ; 0.000      ; 15.108     ;
; -14.423 ; bitcount[5]  ; datain[3]    ; SCLSynch[1]  ; SCLSynch[1] ; 1.000        ; 0.000      ; 15.090     ;
; -14.364 ; bitcount[1]  ; address[3]   ; SCLSynch[1]  ; SCLSynch[1] ; 1.000        ; 0.000      ; 15.031     ;
; -14.331 ; bitcount[0]  ; currvalue[2] ; SCLSynch[1]  ; SCLSynch[1] ; 1.000        ; 0.520      ; 15.518     ;
; -14.327 ; bitcount[6]  ; datain[3]    ; SCLSynch[1]  ; SCLSynch[1] ; 1.000        ; 0.000      ; 14.994     ;
; -14.295 ; bitcount[3]  ; datain[5]    ; SCLSynch[1]  ; SCLSynch[1] ; 1.000        ; 0.000      ; 14.962     ;
; -14.208 ; bitcount[0]  ; currvalue[1] ; SCLSynch[1]  ; SCLSynch[1] ; 1.000        ; 0.520      ; 15.395     ;
; -14.187 ; bitcount[5]  ; datain[7]    ; SCLSynch[1]  ; SCLSynch[1] ; 1.000        ; 0.000      ; 14.854     ;
; -14.146 ; bitcount[1]  ; address[2]   ; SCLSynch[1]  ; SCLSynch[1] ; 1.000        ; 0.000      ; 14.813     ;
; -14.091 ; bitcount[6]  ; datain[7]    ; SCLSynch[1]  ; SCLSynch[1] ; 1.000        ; 0.000      ; 14.758     ;
; -14.052 ; bitcount[7]  ; datain[3]    ; SCLSynch[1]  ; SCLSynch[1] ; 1.000        ; 0.000      ; 14.719     ;
; -14.021 ; bitcount[5]  ; datain[5]    ; SCLSynch[1]  ; SCLSynch[1] ; 1.000        ; 0.000      ; 14.688     ;
; -13.974 ; bitcount[4]  ; address[4]   ; SCLSynch[1]  ; SCLSynch[1] ; 1.000        ; 0.000      ; 14.641     ;
; -13.974 ; bitcount[4]  ; address[0]   ; SCLSynch[1]  ; SCLSynch[1] ; 1.000        ; 0.000      ; 14.641     ;
; -13.960 ; currvalue[3] ; currvalue[3] ; SCLSynch[1]  ; SCLSynch[1] ; 1.000        ; 0.000      ; 14.627     ;
; -13.957 ; bitcount[2]  ; address[4]   ; SCLSynch[1]  ; SCLSynch[1] ; 1.000        ; 0.000      ; 14.624     ;
; -13.957 ; bitcount[2]  ; address[0]   ; SCLSynch[1]  ; SCLSynch[1] ; 1.000        ; 0.000      ; 14.624     ;
; -13.925 ; bitcount[6]  ; datain[5]    ; SCLSynch[1]  ; SCLSynch[1] ; 1.000        ; 0.000      ; 14.592     ;
; -13.837 ; currvalue[3] ; currvalue[2] ; SCLSynch[1]  ; SCLSynch[1] ; 1.000        ; 0.000      ; 14.504     ;
; -13.827 ; bitcount[6]  ; currvalue[3] ; SCLSynch[1]  ; SCLSynch[1] ; 1.000        ; 0.520      ; 15.014     ;
; -13.816 ; bitcount[7]  ; datain[7]    ; SCLSynch[1]  ; SCLSynch[1] ; 1.000        ; 0.000      ; 14.483     ;
; -13.793 ; bitcount[1]  ; address[1]   ; SCLSynch[1]  ; SCLSynch[1] ; 1.000        ; 0.000      ; 14.460     ;
; -13.790 ; bitcount[3]  ; currvalue[3] ; SCLSynch[1]  ; SCLSynch[1] ; 1.000        ; 0.520      ; 14.977     ;
; -13.749 ; bitcount[7]  ; currvalue[3] ; SCLSynch[1]  ; SCLSynch[1] ; 1.000        ; 0.520      ; 14.936     ;
; -13.735 ; bitcount[0]  ; datain[1]    ; SCLSynch[1]  ; SCLSynch[1] ; 1.000        ; 0.000      ; 14.402     ;
; -13.734 ; currvalue[2] ; currvalue[3] ; SCLSynch[1]  ; SCLSynch[1] ; 1.000        ; 0.000      ; 14.401     ;
; -13.715 ; bitcount[1]  ; address[6]   ; SCLSynch[1]  ; SCLSynch[1] ; 1.000        ; 0.000      ; 14.382     ;
; -13.714 ; currvalue[3] ; currvalue[1] ; SCLSynch[1]  ; SCLSynch[1] ; 1.000        ; 0.000      ; 14.381     ;
; -13.704 ; bitcount[6]  ; currvalue[2] ; SCLSynch[1]  ; SCLSynch[1] ; 1.000        ; 0.520      ; 14.891     ;
; -13.667 ; bitcount[3]  ; currvalue[2] ; SCLSynch[1]  ; SCLSynch[1] ; 1.000        ; 0.520      ; 14.854     ;
; -13.650 ; bitcount[7]  ; datain[5]    ; SCLSynch[1]  ; SCLSynch[1] ; 1.000        ; 0.000      ; 14.317     ;
; -13.626 ; bitcount[7]  ; currvalue[2] ; SCLSynch[1]  ; SCLSynch[1] ; 1.000        ; 0.520      ; 14.813     ;
; -13.623 ; bitcount[4]  ; address[5]   ; SCLSynch[1]  ; SCLSynch[1] ; 1.000        ; 0.000      ; 14.290     ;
; -13.611 ; currvalue[2] ; currvalue[2] ; SCLSynch[1]  ; SCLSynch[1] ; 1.000        ; 0.000      ; 14.278     ;
; -13.606 ; bitcount[2]  ; address[5]   ; SCLSynch[1]  ; SCLSynch[1] ; 1.000        ; 0.000      ; 14.273     ;
; -13.589 ; bitcount[3]  ; datain[1]    ; SCLSynch[1]  ; SCLSynch[1] ; 1.000        ; 0.000      ; 14.256     ;
; -13.581 ; bitcount[6]  ; currvalue[1] ; SCLSynch[1]  ; SCLSynch[1] ; 1.000        ; 0.520      ; 14.768     ;
; -13.544 ; bitcount[3]  ; currvalue[1] ; SCLSynch[1]  ; SCLSynch[1] ; 1.000        ; 0.520      ; 14.731     ;
; -13.503 ; bitcount[7]  ; currvalue[1] ; SCLSynch[1]  ; SCLSynch[1] ; 1.000        ; 0.520      ; 14.690     ;
; -13.489 ; currvalue[1] ; currvalue[3] ; SCLSynch[1]  ; SCLSynch[1] ; 1.000        ; 0.000      ; 14.156     ;
+---------+--------------+--------------+--------------+-------------+--------------+------------+------------+


+----------------------------------------------------------------------------------------------------------+
; Setup: 'CLCK'                                                                                            ;
+--------+-------------+-------------+--------------+-------------+--------------+------------+------------+
; Slack  ; From Node   ; To Node     ; Launch Clock ; Latch Clock ; Relationship ; Clock Skew ; Data Delay ;
+--------+-------------+-------------+--------------+-------------+--------------+------------+------------+
; -1.232 ; SDA         ; SDASynch[0] ; SDA          ; CLCK        ; 0.500        ; 3.458      ; 4.857      ;
; -1.220 ; SDASynch[0] ; SDASynch[1] ; CLCK         ; CLCK        ; 1.000        ; 0.000      ; 1.887      ;
; -0.974 ; SDASynch[1] ; SDASynch[2] ; CLCK         ; CLCK        ; 1.000        ; 0.000      ; 1.641      ;
; -0.930 ; SCLSynch[0] ; SCLSynch[1] ; CLCK         ; CLCK        ; 1.000        ; 0.000      ; 1.597      ;
; -0.732 ; SDA         ; SDASynch[0] ; SDA          ; CLCK        ; 1.000        ; 3.458      ; 4.857      ;
; 1.386  ; SCLSynch[1] ; SCLSynch[2] ; SCLSynch[1]  ; CLCK        ; 0.500        ; 3.458      ; 2.615      ;
; 1.886  ; SCLSynch[1] ; SCLSynch[2] ; SCLSynch[1]  ; CLCK        ; 1.000        ; 3.458      ; 2.615      ;
+--------+-------------+-------------+--------------+-------------+--------------+------------+------------+


+----------------------------------------------------------------------------------------------------------+
; Hold: 'CLCK'                                                                                             ;
+--------+-------------+-------------+--------------+-------------+--------------+------------+------------+
; Slack  ; From Node   ; To Node     ; Launch Clock ; Latch Clock ; Relationship ; Clock Skew ; Data Delay ;
+--------+-------------+-------------+--------------+-------------+--------------+------------+------------+
; -1.440 ; SCLSynch[1] ; SCLSynch[2] ; SCLSynch[1]  ; CLCK        ; 0.000        ; 3.458      ; 2.615      ;
; -0.940 ; SCLSynch[1] ; SCLSynch[2] ; SCLSynch[1]  ; CLCK        ; -0.500       ; 3.458      ; 2.615      ;
; 1.178  ; SDA         ; SDASynch[0] ; SDA          ; CLCK        ; 0.000        ; 3.458      ; 4.857      ;
; 1.376  ; SCLSynch[0] ; SCLSynch[1] ; CLCK         ; CLCK        ; 0.000        ; 0.000      ; 1.597      ;
; 1.420  ; SDASynch[1] ; SDASynch[2] ; CLCK         ; CLCK        ; 0.000        ; 0.000      ; 1.641      ;
; 1.666  ; SDASynch[0] ; SDASynch[1] ; CLCK         ; CLCK        ; 0.000        ; 0.000      ; 1.887      ;
; 1.678  ; SDA         ; SDASynch[0] ; SDA          ; CLCK        ; -0.500       ; 3.458      ; 4.857      ;
+--------+-------------+-------------+--------------+-------------+--------------+------------+------------+


+-----------------------------------------------------------------------------------------------------------+
; Hold: 'SCLSynch[1]'                                                                                       ;
+-------+--------------+--------------+--------------+-------------+--------------+------------+------------+
; Slack ; From Node    ; To Node      ; Launch Clock ; Latch Clock ; Relationship ; Clock Skew ; Data Delay ;
+-------+--------------+--------------+--------------+-------------+--------------+------------+------------+
; 1.078 ; address[5]   ; address[5]   ; SCLSynch[1]  ; SCLSynch[1] ; 0.000        ; 0.000      ; 1.299      ;
; 1.078 ; address[6]   ; address[6]   ; SCLSynch[1]  ; SCLSynch[1] ; 0.000        ; 0.000      ; 1.299      ;
; 1.078 ; address[1]   ; address[1]   ; SCLSynch[1]  ; SCLSynch[1] ; 0.000        ; 0.000      ; 1.299      ;
; 1.078 ; address[3]   ; address[3]   ; SCLSynch[1]  ; SCLSynch[1] ; 0.000        ; 0.000      ; 1.299      ;
; 1.078 ; address[2]   ; address[2]   ; SCLSynch[1]  ; SCLSynch[1] ; 0.000        ; 0.000      ; 1.299      ;
; 1.078 ; address[4]   ; address[4]   ; SCLSynch[1]  ; SCLSynch[1] ; 0.000        ; 0.000      ; 1.299      ;
; 1.078 ; address[0]   ; address[0]   ; SCLSynch[1]  ; SCLSynch[1] ; 0.000        ; 0.000      ; 1.299      ;
; 1.452 ; SDASynch[2]  ; rw           ; CLCK         ; SCLSynch[1] ; 0.000        ; 0.618      ; 2.291      ;
; 1.659 ; datain[5]    ; datain[5]    ; SCLSynch[1]  ; SCLSynch[1] ; 0.000        ; 0.000      ; 1.880      ;
; 1.669 ; currvalue[3] ; currvalue[3] ; SCLSynch[1]  ; SCLSynch[1] ; 0.000        ; 0.000      ; 1.890      ;
; 1.924 ; SDASynch[2]  ; address[2]   ; CLCK         ; SCLSynch[1] ; 0.000        ; 0.618      ; 2.763      ;
; 1.972 ; SDASynch[0]  ; rw           ; CLCK         ; SCLSynch[1] ; 0.000        ; 0.618      ; 2.811      ;
; 2.042 ; incycle      ; rw           ; stop         ; SCLSynch[1] ; 0.000        ; 1.330      ; 3.593      ;
; 2.042 ; incycle      ; address[2]   ; stop         ; SCLSynch[1] ; 0.000        ; 1.330      ; 3.593      ;
; 2.108 ; incycle      ; address[5]   ; stop         ; SCLSynch[1] ; 0.000        ; 1.330      ; 3.659      ;
; 2.108 ; incycle      ; address[4]   ; stop         ; SCLSynch[1] ; 0.000        ; 1.330      ; 3.659      ;
; 2.108 ; incycle      ; address[0]   ; stop         ; SCLSynch[1] ; 0.000        ; 1.330      ; 3.659      ;
; 2.118 ; currvalue[1] ; currvalue[1] ; SCLSynch[1]  ; SCLSynch[1] ; 0.000        ; 0.000      ; 2.339      ;
; 2.125 ; datain[6]    ; datain[6]    ; SCLSynch[1]  ; SCLSynch[1] ; 0.000        ; 0.000      ; 2.346      ;
; 2.135 ; datain[2]    ; datain[2]    ; SCLSynch[1]  ; SCLSynch[1] ; 0.000        ; 0.000      ; 2.356      ;
; 2.145 ; datain[1]    ; datain[1]    ; SCLSynch[1]  ; SCLSynch[1] ; 0.000        ; 0.000      ; 2.366      ;
; 2.145 ; rw           ; rw           ; SCLSynch[1]  ; SCLSynch[1] ; 0.000        ; 0.000      ; 2.366      ;
; 2.159 ; incycle      ; addressmatch ; stop         ; SCLSynch[1] ; 0.000        ; 1.330      ; 3.710      ;
; 2.206 ; incycle      ; address[1]   ; stop         ; SCLSynch[1] ; 0.000        ; 1.330      ; 3.757      ;
; 2.206 ; incycle      ; address[3]   ; stop         ; SCLSynch[1] ; 0.000        ; 1.330      ; 3.757      ;
; 2.221 ; datain[3]    ; datain[3]    ; SCLSynch[1]  ; SCLSynch[1] ; 0.000        ; 0.000      ; 2.442      ;
; 2.222 ; currvalue[2] ; currvalue[2] ; SCLSynch[1]  ; SCLSynch[1] ; 0.000        ; 0.000      ; 2.443      ;
; 2.233 ; datain[0]    ; datain[0]    ; SCLSynch[1]  ; SCLSynch[1] ; 0.000        ; 0.000      ; 2.454      ;
; 2.241 ; currvalue[0] ; currvalue[0] ; SCLSynch[1]  ; SCLSynch[1] ; 0.000        ; 0.000      ; 2.462      ;
; 2.261 ; datain[4]    ; datain[4]    ; SCLSynch[1]  ; SCLSynch[1] ; 0.000        ; 0.000      ; 2.482      ;
; 2.444 ; SDASynch[0]  ; address[2]   ; CLCK         ; SCLSynch[1] ; 0.000        ; 0.618      ; 3.283      ;
; 2.535 ; SDASynch[1]  ; rw           ; CLCK         ; SCLSynch[1] ; 0.000        ; 0.618      ; 3.374      ;
; 2.536 ; addressmatch ; addressmatch ; SCLSynch[1]  ; SCLSynch[1] ; 0.000        ; 0.000      ; 2.757      ;
; 2.632 ; datain[7]    ; datain[7]    ; SCLSynch[1]  ; SCLSynch[1] ; 0.000        ; 0.000      ; 2.853      ;
; 2.863 ; bitcount[0]  ; bitcount[0]  ; SCLSynch[1]  ; SCLSynch[1] ; 0.000        ; 0.000      ; 3.084      ;
; 2.950 ; currvalue[1] ; currvalue[2] ; SCLSynch[1]  ; SCLSynch[1] ; 0.000        ; 0.000      ; 3.171      ;
; 3.007 ; SDASynch[1]  ; address[2]   ; CLCK         ; SCLSynch[1] ; 0.000        ; 0.618      ; 3.846      ;
; 3.061 ; currvalue[1] ; currvalue[3] ; SCLSynch[1]  ; SCLSynch[1] ; 0.000        ; 0.000      ; 3.282      ;
; 3.135 ; SDASynch[2]  ; address[6]   ; CLCK         ; SCLSynch[1] ; 0.000        ; 0.618      ; 3.974      ;
; 3.138 ; bitcount[4]  ; sdadata~en   ; SCLSynch[1]  ; SCLSynch[1] ; 0.000        ; 0.520      ; 3.879      ;
; 3.162 ; currvalue[2] ; currvalue[3] ; SCLSynch[1]  ; SCLSynch[1] ; 0.000        ; 0.000      ; 3.383      ;
; 3.181 ; currvalue[0] ; currvalue[1] ; SCLSynch[1]  ; SCLSynch[1] ; 0.000        ; 0.000      ; 3.402      ;
; 3.280 ; incycle      ; address[6]   ; stop         ; SCLSynch[1] ; 0.000        ; 1.330      ; 4.831      ;
; 3.292 ; currvalue[0] ; currvalue[2] ; SCLSynch[1]  ; SCLSynch[1] ; 0.000        ; 0.000      ; 3.513      ;
; 3.309 ; SDASynch[2]  ; address[5]   ; CLCK         ; SCLSynch[1] ; 0.000        ; 0.618      ; 4.148      ;
; 3.403 ; currvalue[0] ; currvalue[3] ; SCLSynch[1]  ; SCLSynch[1] ; 0.000        ; 0.000      ; 3.624      ;
; 3.473 ; bitcount[3]  ; bitcount[3]  ; SCLSynch[1]  ; SCLSynch[1] ; 0.000        ; 0.000      ; 3.694      ;
; 3.487 ; datain[4]    ; sdadata      ; SCLSynch[1]  ; SCLSynch[1] ; 0.000        ; 0.520      ; 4.228      ;
; 3.623 ; address[3]   ; addressmatch ; SCLSynch[1]  ; SCLSynch[1] ; 0.000        ; 0.000      ; 3.844      ;
; 3.655 ; SDASynch[0]  ; address[6]   ; CLCK         ; SCLSynch[1] ; 0.000        ; 0.618      ; 4.494      ;
; 3.664 ; SDASynch[2]  ; datain[0]    ; CLCK         ; SCLSynch[1] ; 0.000        ; 0.618      ; 4.503      ;
; 3.666 ; SDASynch[2]  ; datain[2]    ; CLCK         ; SCLSynch[1] ; 0.000        ; 0.618      ; 4.505      ;
; 3.680 ; SDASynch[2]  ; datain[1]    ; CLCK         ; SCLSynch[1] ; 0.000        ; 0.618      ; 4.519      ;
; 3.771 ; address[1]   ; addressmatch ; SCLSynch[1]  ; SCLSynch[1] ; 0.000        ; 0.000      ; 3.992      ;
; 3.772 ; SDASynch[2]  ; address[0]   ; CLCK         ; SCLSynch[1] ; 0.000        ; 0.618      ; 4.611      ;
; 3.773 ; SDASynch[2]  ; address[4]   ; CLCK         ; SCLSynch[1] ; 0.000        ; 0.618      ; 4.612      ;
; 3.782 ; SDASynch[2]  ; datain[3]    ; CLCK         ; SCLSynch[1] ; 0.000        ; 0.618      ; 4.621      ;
; 3.783 ; SDASynch[2]  ; datain[7]    ; CLCK         ; SCLSynch[1] ; 0.000        ; 0.618      ; 4.622      ;
; 3.803 ; SDASynch[2]  ; datain[6]    ; CLCK         ; SCLSynch[1] ; 0.000        ; 0.618      ; 4.642      ;
; 3.829 ; SDASynch[0]  ; address[5]   ; CLCK         ; SCLSynch[1] ; 0.000        ; 0.618      ; 4.668      ;
; 3.854 ; SDASynch[2]  ; datain[4]    ; CLCK         ; SCLSynch[1] ; 0.000        ; 0.618      ; 4.693      ;
; 3.894 ; SDASynch[2]  ; datain[5]    ; CLCK         ; SCLSynch[1] ; 0.000        ; 0.618      ; 4.733      ;
; 3.965 ; address[4]   ; addressmatch ; SCLSynch[1]  ; SCLSynch[1] ; 0.000        ; 0.000      ; 4.186      ;
; 4.015 ; incycle      ; datain[1]    ; stop         ; SCLSynch[1] ; 0.000        ; 1.330      ; 5.566      ;
; 4.033 ; addressmatch ; sdadata~en   ; SCLSynch[1]  ; SCLSynch[1] ; 0.000        ; 0.520      ; 4.774      ;
; 4.058 ; SDASynch[2]  ; address[3]   ; CLCK         ; SCLSynch[1] ; 0.000        ; 0.618      ; 4.897      ;
; 4.068 ; bitcount[7]  ; sdadata~en   ; SCLSynch[1]  ; SCLSynch[1] ; 0.000        ; 0.520      ; 4.809      ;
; 4.112 ; address[5]   ; addressmatch ; SCLSynch[1]  ; SCLSynch[1] ; 0.000        ; 0.000      ; 4.333      ;
; 4.113 ; bitcount[2]  ; sdadata~en   ; SCLSynch[1]  ; SCLSynch[1] ; 0.000        ; 0.520      ; 4.854      ;
; 4.184 ; SDASynch[0]  ; datain[0]    ; CLCK         ; SCLSynch[1] ; 0.000        ; 0.618      ; 5.023      ;
; 4.186 ; SDASynch[0]  ; datain[2]    ; CLCK         ; SCLSynch[1] ; 0.000        ; 0.618      ; 5.025      ;
; 4.187 ; bitcount[4]  ; currvalue[0] ; SCLSynch[1]  ; SCLSynch[1] ; 0.000        ; 0.520      ; 4.928      ;
; 4.187 ; bitcount[4]  ; currvalue[1] ; SCLSynch[1]  ; SCLSynch[1] ; 0.000        ; 0.520      ; 4.928      ;
; 4.187 ; bitcount[4]  ; currvalue[2] ; SCLSynch[1]  ; SCLSynch[1] ; 0.000        ; 0.520      ; 4.928      ;
; 4.187 ; bitcount[4]  ; currvalue[3] ; SCLSynch[1]  ; SCLSynch[1] ; 0.000        ; 0.520      ; 4.928      ;
; 4.200 ; SDASynch[0]  ; datain[1]    ; CLCK         ; SCLSynch[1] ; 0.000        ; 0.618      ; 5.039      ;
; 4.218 ; SDASynch[1]  ; address[6]   ; CLCK         ; SCLSynch[1] ; 0.000        ; 0.618      ; 5.057      ;
; 4.246 ; datain[2]    ; sdadata      ; SCLSynch[1]  ; SCLSynch[1] ; 0.000        ; 0.520      ; 4.987      ;
; 4.280 ; address[0]   ; addressmatch ; SCLSynch[1]  ; SCLSynch[1] ; 0.000        ; 0.000      ; 4.501      ;
; 4.292 ; SDASynch[0]  ; address[0]   ; CLCK         ; SCLSynch[1] ; 0.000        ; 0.618      ; 5.131      ;
; 4.293 ; SDASynch[0]  ; address[4]   ; CLCK         ; SCLSynch[1] ; 0.000        ; 0.618      ; 5.132      ;
; 4.302 ; SDASynch[0]  ; datain[3]    ; CLCK         ; SCLSynch[1] ; 0.000        ; 0.618      ; 5.141      ;
; 4.303 ; SDASynch[0]  ; datain[7]    ; CLCK         ; SCLSynch[1] ; 0.000        ; 0.618      ; 5.142      ;
; 4.323 ; SDASynch[0]  ; datain[6]    ; CLCK         ; SCLSynch[1] ; 0.000        ; 0.618      ; 5.162      ;
; 4.336 ; bitcount[0]  ; bitcount[3]  ; SCLSynch[1]  ; SCLSynch[1] ; 0.000        ; 0.000      ; 4.557      ;
; 4.374 ; SDASynch[0]  ; datain[4]    ; CLCK         ; SCLSynch[1] ; 0.000        ; 0.618      ; 5.213      ;
; 4.392 ; SDASynch[1]  ; address[5]   ; CLCK         ; SCLSynch[1] ; 0.000        ; 0.618      ; 5.231      ;
; 4.395 ; datain[0]    ; sdadata      ; SCLSynch[1]  ; SCLSynch[1] ; 0.000        ; 0.520      ; 5.136      ;
; 4.414 ; SDASynch[0]  ; datain[5]    ; CLCK         ; SCLSynch[1] ; 0.000        ; 0.618      ; 5.253      ;
; 4.578 ; SDASynch[0]  ; address[3]   ; CLCK         ; SCLSynch[1] ; 0.000        ; 0.618      ; 5.417      ;
; 4.629 ; SDASynch[2]  ; address[1]   ; CLCK         ; SCLSynch[1] ; 0.000        ; 0.618      ; 5.468      ;
; 4.638 ; address[6]   ; addressmatch ; SCLSynch[1]  ; SCLSynch[1] ; 0.000        ; 0.000      ; 4.859      ;
; 4.721 ; incycle      ; datain[5]    ; stop         ; SCLSynch[1] ; 0.000        ; 1.330      ; 6.272      ;
; 4.747 ; SDASynch[1]  ; datain[0]    ; CLCK         ; SCLSynch[1] ; 0.000        ; 0.618      ; 5.586      ;
; 4.749 ; SDASynch[1]  ; datain[2]    ; CLCK         ; SCLSynch[1] ; 0.000        ; 0.618      ; 5.588      ;
; 4.763 ; SDASynch[1]  ; datain[1]    ; CLCK         ; SCLSynch[1] ; 0.000        ; 0.618      ; 5.602      ;
; 4.784 ; address[2]   ; addressmatch ; SCLSynch[1]  ; SCLSynch[1] ; 0.000        ; 0.000      ; 5.005      ;
; 4.855 ; SDASynch[1]  ; address[0]   ; CLCK         ; SCLSynch[1] ; 0.000        ; 0.618      ; 5.694      ;
; 4.856 ; SDASynch[1]  ; address[4]   ; CLCK         ; SCLSynch[1] ; 0.000        ; 0.618      ; 5.695      ;
; 4.865 ; SDASynch[1]  ; datain[3]    ; CLCK         ; SCLSynch[1] ; 0.000        ; 0.618      ; 5.704      ;
+-------+--------------+--------------+--------------+-------------+--------------+------------+------------+


+----------------------------------------------------------------------------------------------------+
; Recovery: 'stop'                                                                                   ;
+--------+-----------+---------+--------------+-------------+--------------+------------+------------+
; Slack  ; From Node ; To Node ; Launch Clock ; Latch Clock ; Relationship ; Clock Skew ; Data Delay ;
+--------+-----------+---------+--------------+-------------+--------------+------------+------------+
; -8.451 ; start     ; incycle ; SDA          ; stop        ; 0.500        ; -4.031     ; 4.587      ;
+--------+-----------+---------+--------------+-------------+--------------+------------+------------+


+--------------------------------------------------------------------------------------------------------+
; Recovery: 'SCLSynch[1]'                                                                                ;
+--------+-----------+-------------+--------------+-------------+--------------+------------+------------+
; Slack  ; From Node ; To Node     ; Launch Clock ; Latch Clock ; Relationship ; Clock Skew ; Data Delay ;
+--------+-----------+-------------+--------------+-------------+--------------+------------+------------+
; -3.390 ; incycle   ; bitcount[0] ; stop         ; SCLSynch[1] ; 1.000        ; 1.330      ; 5.387      ;
; -3.390 ; incycle   ; bitcount[3] ; stop         ; SCLSynch[1] ; 1.000        ; 1.330      ; 5.387      ;
; -2.821 ; incycle   ; bitcount[1] ; stop         ; SCLSynch[1] ; 1.000        ; 1.330      ; 4.818      ;
; -2.466 ; incycle   ; bitcount[2] ; stop         ; SCLSynch[1] ; 1.000        ; 1.330      ; 4.463      ;
; -2.466 ; incycle   ; bitcount[4] ; stop         ; SCLSynch[1] ; 1.000        ; 1.330      ; 4.463      ;
; -2.466 ; incycle   ; bitcount[7] ; stop         ; SCLSynch[1] ; 1.000        ; 1.330      ; 4.463      ;
; -2.283 ; incycle   ; bitcount[6] ; stop         ; SCLSynch[1] ; 1.000        ; 1.330      ; 4.280      ;
; -2.271 ; incycle   ; bitcount[5] ; stop         ; SCLSynch[1] ; 1.000        ; 1.330      ; 4.268      ;
+--------+-----------+-------------+--------------+-------------+--------------+------------+------------+


+-------------------------------------------------------------------------------------------------------+
; Removal: 'SCLSynch[1]'                                                                                ;
+-------+-----------+-------------+--------------+-------------+--------------+------------+------------+
; Slack ; From Node ; To Node     ; Launch Clock ; Latch Clock ; Relationship ; Clock Skew ; Data Delay ;
+-------+-----------+-------------+--------------+-------------+--------------+------------+------------+
; 2.717 ; incycle   ; bitcount[5] ; stop         ; SCLSynch[1] ; 0.000        ; 1.330      ; 4.268      ;
; 2.729 ; incycle   ; bitcount[6] ; stop         ; SCLSynch[1] ; 0.000        ; 1.330      ; 4.280      ;
; 2.912 ; incycle   ; bitcount[2] ; stop         ; SCLSynch[1] ; 0.000        ; 1.330      ; 4.463      ;
; 2.912 ; incycle   ; bitcount[4] ; stop         ; SCLSynch[1] ; 0.000        ; 1.330      ; 4.463      ;
; 2.912 ; incycle   ; bitcount[7] ; stop         ; SCLSynch[1] ; 0.000        ; 1.330      ; 4.463      ;
; 3.267 ; incycle   ; bitcount[1] ; stop         ; SCLSynch[1] ; 0.000        ; 1.330      ; 4.818      ;
; 3.836 ; incycle   ; bitcount[0] ; stop         ; SCLSynch[1] ; 0.000        ; 1.330      ; 5.387      ;
; 3.836 ; incycle   ; bitcount[3] ; stop         ; SCLSynch[1] ; 0.000        ; 1.330      ; 5.387      ;
+-------+-----------+-------------+--------------+-------------+--------------+------------+------------+


+---------------------------------------------------------------------------------------------------+
; Removal: 'stop'                                                                                   ;
+-------+-----------+---------+--------------+-------------+--------------+------------+------------+
; Slack ; From Node ; To Node ; Launch Clock ; Latch Clock ; Relationship ; Clock Skew ; Data Delay ;
+-------+-----------+---------+--------------+-------------+--------------+------------+------------+
; 8.897 ; start     ; incycle ; SDA          ; stop        ; -0.500       ; -4.031     ; 4.587      ;
+-------+-----------+---------+--------------+-------------+--------------+------------+------------+


+--------------------------------------------------------------------------------------------------+
; Minimum Pulse Width: 'CLCK'                                                                      ;
+--------+--------------+----------------+------------------+-------+------------+-----------------+
; Slack  ; Actual Width ; Required Width ; Type             ; Clock ; Clock Edge ; Target          ;
+--------+--------------+----------------+------------------+-------+------------+-----------------+
; -2.289 ; 1.000        ; 3.289          ; Port Rate        ; CLCK  ; Rise       ; CLCK            ;
; 0.234  ; 0.500        ; 0.266          ; High Pulse Width ; CLCK  ; Rise       ; SCLSynch[0]     ;
; 0.234  ; 0.500        ; 0.266          ; Low Pulse Width  ; CLCK  ; Rise       ; SCLSynch[0]     ;
; 0.234  ; 0.500        ; 0.266          ; High Pulse Width ; CLCK  ; Rise       ; SCLSynch[1]     ;
; 0.234  ; 0.500        ; 0.266          ; Low Pulse Width  ; CLCK  ; Rise       ; SCLSynch[1]     ;
; 0.234  ; 0.500        ; 0.266          ; High Pulse Width ; CLCK  ; Rise       ; SCLSynch[2]     ;
; 0.234  ; 0.500        ; 0.266          ; Low Pulse Width  ; CLCK  ; Rise       ; SCLSynch[2]     ;
; 0.234  ; 0.500        ; 0.266          ; High Pulse Width ; CLCK  ; Rise       ; SDASynch[0]     ;
; 0.234  ; 0.500        ; 0.266          ; Low Pulse Width  ; CLCK  ; Rise       ; SDASynch[0]     ;
; 0.234  ; 0.500        ; 0.266          ; High Pulse Width ; CLCK  ; Rise       ; SDASynch[1]     ;
; 0.234  ; 0.500        ; 0.266          ; Low Pulse Width  ; CLCK  ; Rise       ; SDASynch[1]     ;
; 0.234  ; 0.500        ; 0.266          ; High Pulse Width ; CLCK  ; Rise       ; SDASynch[2]     ;
; 0.234  ; 0.500        ; 0.266          ; Low Pulse Width  ; CLCK  ; Rise       ; SDASynch[2]     ;
; 0.500  ; 0.500        ; 0.000          ; High Pulse Width ; CLCK  ; Rise       ; CLCK|combout    ;
; 0.500  ; 0.500        ; 0.000          ; Low Pulse Width  ; CLCK  ; Rise       ; CLCK|combout    ;
; 0.500  ; 0.500        ; 0.000          ; High Pulse Width ; CLCK  ; Rise       ; SCLSynch[0]|clk ;
; 0.500  ; 0.500        ; 0.000          ; Low Pulse Width  ; CLCK  ; Rise       ; SCLSynch[0]|clk ;
; 0.500  ; 0.500        ; 0.000          ; High Pulse Width ; CLCK  ; Rise       ; SCLSynch[1]|clk ;
; 0.500  ; 0.500        ; 0.000          ; Low Pulse Width  ; CLCK  ; Rise       ; SCLSynch[1]|clk ;
; 0.500  ; 0.500        ; 0.000          ; High Pulse Width ; CLCK  ; Rise       ; SCLSynch[2]|clk ;
; 0.500  ; 0.500        ; 0.000          ; Low Pulse Width  ; CLCK  ; Rise       ; SCLSynch[2]|clk ;
; 0.500  ; 0.500        ; 0.000          ; High Pulse Width ; CLCK  ; Rise       ; SDASynch[0]|clk ;
; 0.500  ; 0.500        ; 0.000          ; Low Pulse Width  ; CLCK  ; Rise       ; SDASynch[0]|clk ;
; 0.500  ; 0.500        ; 0.000          ; High Pulse Width ; CLCK  ; Rise       ; SDASynch[1]|clk ;
; 0.500  ; 0.500        ; 0.000          ; Low Pulse Width  ; CLCK  ; Rise       ; SDASynch[1]|clk ;
; 0.500  ; 0.500        ; 0.000          ; High Pulse Width ; CLCK  ; Rise       ; SDASynch[2]|clk ;
; 0.500  ; 0.500        ; 0.000          ; Low Pulse Width  ; CLCK  ; Rise       ; SDASynch[2]|clk ;
+--------+--------------+----------------+------------------+-------+------------+-----------------+


+----------------------------------------------------------------------------------------------+
; Minimum Pulse Width: 'SDA'                                                                   ;
+--------+--------------+----------------+------------------+-------+------------+-------------+
; Slack  ; Actual Width ; Required Width ; Type             ; Clock ; Clock Edge ; Target      ;
+--------+--------------+----------------+------------------+-------+------------+-------------+
; -2.289 ; 1.000        ; 3.289          ; Port Rate        ; SDA   ; Rise       ; SDA         ;
; 0.234  ; 0.500        ; 0.266          ; High Pulse Width ; SDA   ; Fall       ; start       ;
; 0.234  ; 0.500        ; 0.266          ; Low Pulse Width  ; SDA   ; Fall       ; start       ;
; 0.234  ; 0.500        ; 0.266          ; High Pulse Width ; SDA   ; Rise       ; stop        ;
; 0.234  ; 0.500        ; 0.266          ; Low Pulse Width  ; SDA   ; Rise       ; stop        ;
; 0.500  ; 0.500        ; 0.000          ; High Pulse Width ; SDA   ; Rise       ; SDA|combout ;
; 0.500  ; 0.500        ; 0.000          ; Low Pulse Width  ; SDA   ; Rise       ; SDA|combout ;
; 0.500  ; 0.500        ; 0.000          ; High Pulse Width ; SDA   ; Rise       ; start|clk   ;
; 0.500  ; 0.500        ; 0.000          ; Low Pulse Width  ; SDA   ; Rise       ; start|clk   ;
; 0.500  ; 0.500        ; 0.000          ; High Pulse Width ; SDA   ; Rise       ; stop|clk    ;
; 0.500  ; 0.500        ; 0.000          ; Low Pulse Width  ; SDA   ; Rise       ; stop|clk    ;
+--------+--------------+----------------+------------------+-------+------------+-------------+


+-----------------------------------------------------------------------------------------------------------+
; Minimum Pulse Width: 'SCLSynch[1]'                                                                        ;
+-------+--------------+----------------+------------------+-------------+------------+---------------------+
; Slack ; Actual Width ; Required Width ; Type             ; Clock       ; Clock Edge ; Target              ;
+-------+--------------+----------------+------------------+-------------+------------+---------------------+
; 0.234 ; 0.500        ; 0.266          ; High Pulse Width ; SCLSynch[1] ; Rise       ; address[0]          ;
; 0.234 ; 0.500        ; 0.266          ; Low Pulse Width  ; SCLSynch[1] ; Rise       ; address[0]          ;
; 0.234 ; 0.500        ; 0.266          ; High Pulse Width ; SCLSynch[1] ; Rise       ; address[1]          ;
; 0.234 ; 0.500        ; 0.266          ; Low Pulse Width  ; SCLSynch[1] ; Rise       ; address[1]          ;
; 0.234 ; 0.500        ; 0.266          ; High Pulse Width ; SCLSynch[1] ; Rise       ; address[2]          ;
; 0.234 ; 0.500        ; 0.266          ; Low Pulse Width  ; SCLSynch[1] ; Rise       ; address[2]          ;
; 0.234 ; 0.500        ; 0.266          ; High Pulse Width ; SCLSynch[1] ; Rise       ; address[3]          ;
; 0.234 ; 0.500        ; 0.266          ; Low Pulse Width  ; SCLSynch[1] ; Rise       ; address[3]          ;
; 0.234 ; 0.500        ; 0.266          ; High Pulse Width ; SCLSynch[1] ; Rise       ; address[4]          ;
; 0.234 ; 0.500        ; 0.266          ; Low Pulse Width  ; SCLSynch[1] ; Rise       ; address[4]          ;
; 0.234 ; 0.500        ; 0.266          ; High Pulse Width ; SCLSynch[1] ; Rise       ; address[5]          ;
; 0.234 ; 0.500        ; 0.266          ; Low Pulse Width  ; SCLSynch[1] ; Rise       ; address[5]          ;
; 0.234 ; 0.500        ; 0.266          ; High Pulse Width ; SCLSynch[1] ; Rise       ; address[6]          ;
; 0.234 ; 0.500        ; 0.266          ; Low Pulse Width  ; SCLSynch[1] ; Rise       ; address[6]          ;
; 0.234 ; 0.500        ; 0.266          ; High Pulse Width ; SCLSynch[1] ; Rise       ; addressmatch        ;
; 0.234 ; 0.500        ; 0.266          ; Low Pulse Width  ; SCLSynch[1] ; Rise       ; addressmatch        ;
; 0.234 ; 0.500        ; 0.266          ; High Pulse Width ; SCLSynch[1] ; Rise       ; bitcount[0]         ;
; 0.234 ; 0.500        ; 0.266          ; Low Pulse Width  ; SCLSynch[1] ; Rise       ; bitcount[0]         ;
; 0.234 ; 0.500        ; 0.266          ; High Pulse Width ; SCLSynch[1] ; Rise       ; bitcount[1]         ;
; 0.234 ; 0.500        ; 0.266          ; Low Pulse Width  ; SCLSynch[1] ; Rise       ; bitcount[1]         ;
; 0.234 ; 0.500        ; 0.266          ; High Pulse Width ; SCLSynch[1] ; Rise       ; bitcount[2]         ;
; 0.234 ; 0.500        ; 0.266          ; Low Pulse Width  ; SCLSynch[1] ; Rise       ; bitcount[2]         ;
; 0.234 ; 0.500        ; 0.266          ; High Pulse Width ; SCLSynch[1] ; Rise       ; bitcount[3]         ;
; 0.234 ; 0.500        ; 0.266          ; Low Pulse Width  ; SCLSynch[1] ; Rise       ; bitcount[3]         ;
; 0.234 ; 0.500        ; 0.266          ; High Pulse Width ; SCLSynch[1] ; Rise       ; bitcount[4]         ;
; 0.234 ; 0.500        ; 0.266          ; Low Pulse Width  ; SCLSynch[1] ; Rise       ; bitcount[4]         ;
; 0.234 ; 0.500        ; 0.266          ; High Pulse Width ; SCLSynch[1] ; Rise       ; bitcount[5]         ;
; 0.234 ; 0.500        ; 0.266          ; Low Pulse Width  ; SCLSynch[1] ; Rise       ; bitcount[5]         ;
; 0.234 ; 0.500        ; 0.266          ; High Pulse Width ; SCLSynch[1] ; Rise       ; bitcount[6]         ;
; 0.234 ; 0.500        ; 0.266          ; Low Pulse Width  ; SCLSynch[1] ; Rise       ; bitcount[6]         ;
; 0.234 ; 0.500        ; 0.266          ; High Pulse Width ; SCLSynch[1] ; Rise       ; bitcount[7]         ;
; 0.234 ; 0.500        ; 0.266          ; Low Pulse Width  ; SCLSynch[1] ; Rise       ; bitcount[7]         ;
; 0.234 ; 0.500        ; 0.266          ; High Pulse Width ; SCLSynch[1] ; Rise       ; currvalue[0]        ;
; 0.234 ; 0.500        ; 0.266          ; Low Pulse Width  ; SCLSynch[1] ; Rise       ; currvalue[0]        ;
; 0.234 ; 0.500        ; 0.266          ; High Pulse Width ; SCLSynch[1] ; Rise       ; currvalue[1]        ;
; 0.234 ; 0.500        ; 0.266          ; Low Pulse Width  ; SCLSynch[1] ; Rise       ; currvalue[1]        ;
; 0.234 ; 0.500        ; 0.266          ; High Pulse Width ; SCLSynch[1] ; Rise       ; currvalue[2]        ;
; 0.234 ; 0.500        ; 0.266          ; Low Pulse Width  ; SCLSynch[1] ; Rise       ; currvalue[2]        ;
; 0.234 ; 0.500        ; 0.266          ; High Pulse Width ; SCLSynch[1] ; Rise       ; currvalue[3]        ;
; 0.234 ; 0.500        ; 0.266          ; Low Pulse Width  ; SCLSynch[1] ; Rise       ; currvalue[3]        ;
; 0.234 ; 0.500        ; 0.266          ; High Pulse Width ; SCLSynch[1] ; Rise       ; datain[0]           ;
; 0.234 ; 0.500        ; 0.266          ; Low Pulse Width  ; SCLSynch[1] ; Rise       ; datain[0]           ;
; 0.234 ; 0.500        ; 0.266          ; High Pulse Width ; SCLSynch[1] ; Rise       ; datain[1]           ;
; 0.234 ; 0.500        ; 0.266          ; Low Pulse Width  ; SCLSynch[1] ; Rise       ; datain[1]           ;
; 0.234 ; 0.500        ; 0.266          ; High Pulse Width ; SCLSynch[1] ; Rise       ; datain[2]           ;
; 0.234 ; 0.500        ; 0.266          ; Low Pulse Width  ; SCLSynch[1] ; Rise       ; datain[2]           ;
; 0.234 ; 0.500        ; 0.266          ; High Pulse Width ; SCLSynch[1] ; Rise       ; datain[3]           ;
; 0.234 ; 0.500        ; 0.266          ; Low Pulse Width  ; SCLSynch[1] ; Rise       ; datain[3]           ;
; 0.234 ; 0.500        ; 0.266          ; High Pulse Width ; SCLSynch[1] ; Rise       ; datain[4]           ;
; 0.234 ; 0.500        ; 0.266          ; Low Pulse Width  ; SCLSynch[1] ; Rise       ; datain[4]           ;
; 0.234 ; 0.500        ; 0.266          ; High Pulse Width ; SCLSynch[1] ; Rise       ; datain[5]           ;
; 0.234 ; 0.500        ; 0.266          ; Low Pulse Width  ; SCLSynch[1] ; Rise       ; datain[5]           ;
; 0.234 ; 0.500        ; 0.266          ; High Pulse Width ; SCLSynch[1] ; Rise       ; datain[6]           ;
; 0.234 ; 0.500        ; 0.266          ; Low Pulse Width  ; SCLSynch[1] ; Rise       ; datain[6]           ;
; 0.234 ; 0.500        ; 0.266          ; High Pulse Width ; SCLSynch[1] ; Rise       ; datain[7]           ;
; 0.234 ; 0.500        ; 0.266          ; Low Pulse Width  ; SCLSynch[1] ; Rise       ; datain[7]           ;
; 0.234 ; 0.500        ; 0.266          ; High Pulse Width ; SCLSynch[1] ; Rise       ; rw                  ;
; 0.234 ; 0.500        ; 0.266          ; Low Pulse Width  ; SCLSynch[1] ; Rise       ; rw                  ;
; 0.234 ; 0.500        ; 0.266          ; High Pulse Width ; SCLSynch[1] ; Rise       ; sdadata             ;
; 0.234 ; 0.500        ; 0.266          ; Low Pulse Width  ; SCLSynch[1] ; Rise       ; sdadata             ;
; 0.234 ; 0.500        ; 0.266          ; High Pulse Width ; SCLSynch[1] ; Rise       ; sdadata~en          ;
; 0.234 ; 0.500        ; 0.266          ; Low Pulse Width  ; SCLSynch[1] ; Rise       ; sdadata~en          ;
; 0.500 ; 0.500        ; 0.000          ; High Pulse Width ; SCLSynch[1] ; Rise       ; SCLSynch[1]|combout ;
; 0.500 ; 0.500        ; 0.000          ; Low Pulse Width  ; SCLSynch[1] ; Rise       ; SCLSynch[1]|combout ;
; 0.500 ; 0.500        ; 0.000          ; High Pulse Width ; SCLSynch[1] ; Rise       ; SCLSynch[1]|regout  ;
; 0.500 ; 0.500        ; 0.000          ; Low Pulse Width  ; SCLSynch[1] ; Rise       ; SCLSynch[1]|regout  ;
; 0.500 ; 0.500        ; 0.000          ; High Pulse Width ; SCLSynch[1] ; Rise       ; SCLSynch[2]|combout ;
; 0.500 ; 0.500        ; 0.000          ; Low Pulse Width  ; SCLSynch[1] ; Rise       ; SCLSynch[2]|combout ;
; 0.500 ; 0.500        ; 0.000          ; High Pulse Width ; SCLSynch[1] ; Rise       ; SCLSynch[2]|datad   ;
; 0.500 ; 0.500        ; 0.000          ; Low Pulse Width  ; SCLSynch[1] ; Rise       ; SCLSynch[2]|datad   ;
; 0.500 ; 0.500        ; 0.000          ; High Pulse Width ; SCLSynch[1] ; Rise       ; address[0]|clk      ;
; 0.500 ; 0.500        ; 0.000          ; Low Pulse Width  ; SCLSynch[1] ; Rise       ; address[0]|clk      ;
; 0.500 ; 0.500        ; 0.000          ; High Pulse Width ; SCLSynch[1] ; Rise       ; address[1]|clk      ;
; 0.500 ; 0.500        ; 0.000          ; Low Pulse Width  ; SCLSynch[1] ; Rise       ; address[1]|clk      ;
; 0.500 ; 0.500        ; 0.000          ; High Pulse Width ; SCLSynch[1] ; Rise       ; address[2]|clk      ;
; 0.500 ; 0.500        ; 0.000          ; Low Pulse Width  ; SCLSynch[1] ; Rise       ; address[2]|clk      ;
; 0.500 ; 0.500        ; 0.000          ; High Pulse Width ; SCLSynch[1] ; Rise       ; address[3]|clk      ;
; 0.500 ; 0.500        ; 0.000          ; Low Pulse Width  ; SCLSynch[1] ; Rise       ; address[3]|clk      ;
; 0.500 ; 0.500        ; 0.000          ; High Pulse Width ; SCLSynch[1] ; Rise       ; address[4]|clk      ;
; 0.500 ; 0.500        ; 0.000          ; Low Pulse Width  ; SCLSynch[1] ; Rise       ; address[4]|clk      ;
; 0.500 ; 0.500        ; 0.000          ; High Pulse Width ; SCLSynch[1] ; Rise       ; address[5]|clk      ;
; 0.500 ; 0.500        ; 0.000          ; Low Pulse Width  ; SCLSynch[1] ; Rise       ; address[5]|clk      ;
; 0.500 ; 0.500        ; 0.000          ; High Pulse Width ; SCLSynch[1] ; Rise       ; address[6]|clk      ;
; 0.500 ; 0.500        ; 0.000          ; Low Pulse Width  ; SCLSynch[1] ; Rise       ; address[6]|clk      ;
; 0.500 ; 0.500        ; 0.000          ; High Pulse Width ; SCLSynch[1] ; Rise       ; addressmatch|clk    ;
; 0.500 ; 0.500        ; 0.000          ; Low Pulse Width  ; SCLSynch[1] ; Rise       ; addressmatch|clk    ;
; 0.500 ; 0.500        ; 0.000          ; High Pulse Width ; SCLSynch[1] ; Rise       ; bitcount[0]|clk     ;
; 0.500 ; 0.500        ; 0.000          ; Low Pulse Width  ; SCLSynch[1] ; Rise       ; bitcount[0]|clk     ;
; 0.500 ; 0.500        ; 0.000          ; High Pulse Width ; SCLSynch[1] ; Rise       ; bitcount[1]|clk     ;
; 0.500 ; 0.500        ; 0.000          ; Low Pulse Width  ; SCLSynch[1] ; Rise       ; bitcount[1]|clk     ;
; 0.500 ; 0.500        ; 0.000          ; High Pulse Width ; SCLSynch[1] ; Rise       ; bitcount[2]|clk     ;
; 0.500 ; 0.500        ; 0.000          ; Low Pulse Width  ; SCLSynch[1] ; Rise       ; bitcount[2]|clk     ;
; 0.500 ; 0.500        ; 0.000          ; High Pulse Width ; SCLSynch[1] ; Rise       ; bitcount[3]|clk     ;
; 0.500 ; 0.500        ; 0.000          ; Low Pulse Width  ; SCLSynch[1] ; Rise       ; bitcount[3]|clk     ;
; 0.500 ; 0.500        ; 0.000          ; High Pulse Width ; SCLSynch[1] ; Rise       ; bitcount[4]|clk     ;
; 0.500 ; 0.500        ; 0.000          ; Low Pulse Width  ; SCLSynch[1] ; Rise       ; bitcount[4]|clk     ;
; 0.500 ; 0.500        ; 0.000          ; High Pulse Width ; SCLSynch[1] ; Rise       ; bitcount[5]|clk     ;
; 0.500 ; 0.500        ; 0.000          ; Low Pulse Width  ; SCLSynch[1] ; Rise       ; bitcount[5]|clk     ;
; 0.500 ; 0.500        ; 0.000          ; High Pulse Width ; SCLSynch[1] ; Rise       ; bitcount[6]|clk     ;
; 0.500 ; 0.500        ; 0.000          ; Low Pulse Width  ; SCLSynch[1] ; Rise       ; bitcount[6]|clk     ;
+-------+--------------+----------------+------------------+-------------+------------+---------------------+


+---------------------------------------------------------------------------------------------+
; Minimum Pulse Width: 'stop'                                                                 ;
+-------+--------------+----------------+------------------+-------+------------+-------------+
; Slack ; Actual Width ; Required Width ; Type             ; Clock ; Clock Edge ; Target      ;
+-------+--------------+----------------+------------------+-------+------------+-------------+
; 0.234 ; 0.500        ; 0.266          ; High Pulse Width ; stop  ; Rise       ; incycle     ;
; 0.234 ; 0.500        ; 0.266          ; Low Pulse Width  ; stop  ; Rise       ; incycle     ;
; 0.500 ; 0.500        ; 0.000          ; High Pulse Width ; stop  ; Rise       ; incycle|clk ;
; 0.500 ; 0.500        ; 0.000          ; Low Pulse Width  ; stop  ; Rise       ; incycle|clk ;
; 0.500 ; 0.500        ; 0.000          ; High Pulse Width ; stop  ; Rise       ; stop|regout ;
; 0.500 ; 0.500        ; 0.000          ; Low Pulse Width  ; stop  ; Rise       ; stop|regout ;
+-------+--------------+----------------+------------------+-------+------------+-------------+


+-------------------------------------------------------------------------+
; Setup Times                                                             ;
+-----------+------------+--------+--------+------------+-----------------+
; Data Port ; Clock Port ; Rise   ; Fall   ; Clock Edge ; Clock Reference ;
+-----------+------------+--------+--------+------------+-----------------+
; SCL       ; CLCK       ; 3.602  ; 3.602  ; Rise       ; CLCK            ;
; SDA       ; CLCK       ; 1.732  ; 1.732  ; Rise       ; CLCK            ;
; SCL       ; SDA        ; 0.284  ; 0.284  ; Rise       ; SDA             ;
; SCL       ; SDA        ; -1.036 ; -1.036 ; Fall       ; SDA             ;
+-----------+------------+--------+--------+------------+-----------------+


+-------------------------------------------------------------------------+
; Hold Times                                                              ;
+-----------+------------+--------+--------+------------+-----------------+
; Data Port ; Clock Port ; Rise   ; Fall   ; Clock Edge ; Clock Reference ;
+-----------+------------+--------+--------+------------+-----------------+
; SCL       ; CLCK       ; -3.048 ; -3.048 ; Rise       ; CLCK            ;
; SDA       ; CLCK       ; -1.178 ; -1.178 ; Rise       ; CLCK            ;
; SCL       ; SDA        ; 0.270  ; 0.270  ; Rise       ; SDA             ;
; SCL       ; SDA        ; 1.590  ; 1.590  ; Fall       ; SDA             ;
+-----------+------------+--------+--------+------------+-----------------+


+------------------------------------------------------------------------+
; Clock to Output Times                                                  ;
+-----------+-------------+-------+-------+------------+-----------------+
; Data Port ; Clock Port  ; Rise  ; Fall  ; Clock Edge ; Clock Reference ;
+-----------+-------------+-------+-------+------------+-----------------+
; SDA       ; SCLSynch[1] ; 9.274 ; 9.274 ; Rise       ; SCLSynch[1]     ;
+-----------+-------------+-------+-------+------------+-----------------+


+------------------------------------------------------------------------+
; Minimum Clock to Output Times                                          ;
+-----------+-------------+-------+-------+------------+-----------------+
; Data Port ; Clock Port  ; Rise  ; Fall  ; Clock Edge ; Clock Reference ;
+-----------+-------------+-------+-------+------------+-----------------+
; SDA       ; SCLSynch[1] ; 9.274 ; 9.274 ; Rise       ; SCLSynch[1]     ;
+-----------+-------------+-------+-------+------------+-----------------+


+-----------------------------------------------------------------------+
; Output Enable Times                                                   ;
+-----------+-------------+-------+------+------------+-----------------+
; Data Port ; Clock Port  ; Rise  ; Fall ; Clock Edge ; Clock Reference ;
+-----------+-------------+-------+------+------------+-----------------+
; SDA       ; SCLSynch[1] ; 8.908 ;      ; Rise       ; SCLSynch[1]     ;
+-----------+-------------+-------+------+------------+-----------------+


+-----------------------------------------------------------------------+
; Minimum Output Enable Times                                           ;
+-----------+-------------+-------+------+------------+-----------------+
; Data Port ; Clock Port  ; Rise  ; Fall ; Clock Edge ; Clock Reference ;
+-----------+-------------+-------+------+------------+-----------------+
; SDA       ; SCLSynch[1] ; 8.908 ;      ; Rise       ; SCLSynch[1]     ;
+-----------+-------------+-------+------+------------+-----------------+


+--------------------------------------------------------------------------------+
; Output Disable Times                                                           ;
+-----------+-------------+-----------+-----------+------------+-----------------+
; Data Port ; Clock Port  ; 0 to Hi-Z ; 1 to Hi-Z ; Clock Edge ; Clock Reference ;
+-----------+-------------+-----------+-----------+------------+-----------------+
; SDA       ; SCLSynch[1] ; 8.908     ;           ; Rise       ; SCLSynch[1]     ;
+-----------+-------------+-----------+-----------+------------+-----------------+


+--------------------------------------------------------------------------------+
; Minimum Output Disable Times                                                   ;
+-----------+-------------+-----------+-----------+------------+-----------------+
; Data Port ; Clock Port  ; 0 to Hi-Z ; 1 to Hi-Z ; Clock Edge ; Clock Reference ;
+-----------+-------------+-----------+-----------+------------+-----------------+
; SDA       ; SCLSynch[1] ; 8.908     ;           ; Rise       ; SCLSynch[1]     ;
+-----------+-------------+-----------+-----------+------------+-----------------+


+-----------------------------------------------------------------------+
; Setup Transfers                                                       ;
+-------------+-------------+----------+----------+----------+----------+
; From Clock  ; To Clock    ; RR Paths ; FR Paths ; RF Paths ; FF Paths ;
+-------------+-------------+----------+----------+----------+----------+
; CLCK        ; CLCK        ; 3        ; 0        ; 0        ; 0        ;
; SCLSynch[1] ; CLCK        ; 1        ; 1        ; 0        ; 0        ;
; SDA         ; CLCK        ; 1        ; 1        ; 0        ; 0        ;
; CLCK        ; SCLSynch[1] ; 69       ; 0        ; 0        ; 0        ;
; SCLSynch[1] ; SCLSynch[1] ; 15430    ; 0        ; 0        ; 0        ;
; stop        ; SCLSynch[1] ; 17       ; 0        ; 0        ; 0        ;
+-------------+-------------+----------+----------+----------+----------+
Entries labeled "false path" only account for clock-to-clock false paths and not path-based false paths. As a result, actual path counts may be lower than reported.


+-----------------------------------------------------------------------+
; Hold Transfers                                                        ;
+-------------+-------------+----------+----------+----------+----------+
; From Clock  ; To Clock    ; RR Paths ; FR Paths ; RF Paths ; FF Paths ;
+-------------+-------------+----------+----------+----------+----------+
; CLCK        ; CLCK        ; 3        ; 0        ; 0        ; 0        ;
; SCLSynch[1] ; CLCK        ; 1        ; 1        ; 0        ; 0        ;
; SDA         ; CLCK        ; 1        ; 1        ; 0        ; 0        ;
; CLCK        ; SCLSynch[1] ; 69       ; 0        ; 0        ; 0        ;
; SCLSynch[1] ; SCLSynch[1] ; 15430    ; 0        ; 0        ; 0        ;
; stop        ; SCLSynch[1] ; 17       ; 0        ; 0        ; 0        ;
+-------------+-------------+----------+----------+----------+----------+
Entries labeled "false path" only account for clock-to-clock false paths and not path-based false paths. As a result, actual path counts may be lower than reported.


+----------------------------------------------------------------------+
; Recovery Transfers                                                   ;
+------------+-------------+----------+----------+----------+----------+
; From Clock ; To Clock    ; RR Paths ; FR Paths ; RF Paths ; FF Paths ;
+------------+-------------+----------+----------+----------+----------+
; stop       ; SCLSynch[1] ; 8        ; 0        ; 0        ; 0        ;
; SDA        ; stop        ; 0        ; 1        ; 0        ; 0        ;
+------------+-------------+----------+----------+----------+----------+
Entries labeled "false path" only account for clock-to-clock false paths and not path-based false paths. As a result, actual path counts may be lower than reported.


+----------------------------------------------------------------------+
; Removal Transfers                                                    ;
+------------+-------------+----------+----------+----------+----------+
; From Clock ; To Clock    ; RR Paths ; FR Paths ; RF Paths ; FF Paths ;
+------------+-------------+----------+----------+----------+----------+
; stop       ; SCLSynch[1] ; 8        ; 0        ; 0        ; 0        ;
; SDA        ; stop        ; 0        ; 1        ; 0        ; 0        ;
+------------+-------------+----------+----------+----------+----------+
Entries labeled "false path" only account for clock-to-clock false paths and not path-based false paths. As a result, actual path counts may be lower than reported.


---------------
; Report TCCS ;
---------------
No dedicated SERDES Transmitter circuitry present in device or used in design


---------------
; Report RSKM ;
---------------
No dedicated SERDES Receiver circuitry present in device or used in design


+------------------------------------------------+
; Unconstrained Paths                            ;
+---------------------------------+-------+------+
; Property                        ; Setup ; Hold ;
+---------------------------------+-------+------+
; Illegal Clocks                  ; 0     ; 0    ;
; Unconstrained Clocks            ; 0     ; 0    ;
; Unconstrained Input Ports       ; 1     ; 1    ;
; Unconstrained Input Port Paths  ; 3     ; 3    ;
; Unconstrained Output Ports      ; 1     ; 1    ;
; Unconstrained Output Port Paths ; 2     ; 2    ;
+---------------------------------+-------+------+


+------------------------------------+
; TimeQuest Timing Analyzer Messages ;
+------------------------------------+
Info: *******************************************************************
Info: Running Quartus II 32-bit TimeQuest Timing Analyzer
    Info: Version 11.1 Build 216 11/23/2011 Service Pack 1 SJ Web Edition
    Info: Processing started: Sun Aug 03 10:08:21 2014
Info: Command: quartus_sta I2CClientTest -c I2CClientTest
Info: qsta_default_script.tcl version: #1
Warning (20028): Parallel compilation is not licensed and has been disabled
Info (21077): Low junction temperature is 0 degrees C
Info (21077): High junction temperature is 85 degrees C
Info (306004): Started post-fitting delay annotation
Info (306005): Delay annotation completed successfully
Critical Warning (332012): Synopsys Design Constraints File file not found: 'I2CClientTest.sdc'. A Synopsys Design Constraints File is required by the TimeQuest Timing Analyzer to get proper timing constraints. Without it, the Compiler will not properly optimize the design.
Info (332142): No user constrained base clocks found in the design. Calling "derive_clocks -period 1.0"
Info (332105): Deriving Clocks
    Info (332105): create_clock -period 1.000 -name SCLSynch[1] SCLSynch[1]
    Info (332105): create_clock -period 1.000 -name CLCK CLCK
    Info (332105): create_clock -period 1.000 -name stop stop
    Info (332105): create_clock -period 1.000 -name SDA SDA
Info: Found TIMEQUEST_REPORT_SCRIPT_INCLUDE_DEFAULT_ANALYSIS = ON
Critical Warning (332148): Timing requirements not met
Info (332146): Worst-case setup slack is -18.081
    Info (332119):     Slack End Point TNS Clock 
    Info (332119): ========= ============= =====================
    Info (332119):   -18.081      -391.889 SCLSynch[1] 
    Info (332119):    -1.232        -4.356 CLCK 
Info (332146): Worst-case hold slack is -1.440
    Info (332119):     Slack End Point TNS Clock 
    Info (332119): ========= ============= =====================
    Info (332119):    -1.440        -1.440 CLCK 
    Info (332119):     1.078         0.000 SCLSynch[1] 
Info (332146): Worst-case recovery slack is -8.451
    Info (332119):     Slack End Point TNS Clock 
    Info (332119): ========= ============= =====================
    Info (332119):    -8.451        -8.451 stop 
    Info (332119):    -3.390       -21.553 SCLSynch[1] 
Info (332146): Worst-case removal slack is 2.717
    Info (332119):     Slack End Point TNS Clock 
    Info (332119): ========= ============= =====================
    Info (332119):     2.717         0.000 SCLSynch[1] 
    Info (332119):     8.897         0.000 stop 
Info (332146): Worst-case minimum pulse width slack is -2.289
    Info (332119):     Slack End Point TNS Clock 
    Info (332119): ========= ============= =====================
    Info (332119):    -2.289        -2.289 CLCK 
    Info (332119):    -2.289        -2.289 SDA 
    Info (332119):     0.234         0.000 SCLSynch[1] 
    Info (332119):     0.234         0.000 stop 
Info (332001): The selected device family is not supported by the report_metastability command.
Info (332102): Design is not fully constrained for setup requirements
Info (332102): Design is not fully constrained for hold requirements
Info: Quartus II 32-bit TimeQuest Timing Analyzer was successful. 0 errors, 3 warnings
    Info: Peak virtual memory: 239 megabytes
    Info: Processing ended: Sun Aug 03 10:08:22 2014
    Info: Elapsed time: 00:00:01
    Info: Total CPU time (on all processors): 00:00:01


